2025-09-28 11:41:39,328 - INFO - ============================================================
2025-09-28 11:41:39,328 - INFO - 🚀 Latest CSV Combiner 実行開始
2025-09-28 11:41:39,328 - INFO - ============================================================
2025-09-28 11:41:39,328 - INFO - 発見されたCSVファイル: 4個
2025-09-28 11:41:39,328 - INFO -   1. japanese_stocks_data_4_20250928_083605.csv (更新日時: 2025-09-28 11:41:24.541926)
2025-09-28 11:41:39,328 - INFO -   2. japanese_stocks_data_3_20250928_110601.csv (更新日時: 2025-09-28 11:41:24.540926)
2025-09-28 11:41:39,328 - INFO -   3. japanese_stocks_data_2_20250928_074819.csv (更新日時: 2025-09-28 11:41:24.539926)
2025-09-28 11:41:39,329 - INFO -   4. japanese_stocks_data_1_20250927_164045.csv (更新日時: 2025-09-28 11:41:24.537925)
2025-09-28 11:41:39,329 - INFO - 📁 出力ファイル: ./Export/20250928_combined.csv
2025-09-28 11:41:39,329 - INFO - 読み込み中: japanese_stocks_data_4_20250928_083605.csv
2025-09-28 11:41:39,334 - INFO -   - 行数: 795, 列数: 25
2025-09-28 11:41:39,334 - INFO - 読み込み中: japanese_stocks_data_3_20250928_110601.csv
2025-09-28 11:41:39,339 - INFO -   - 行数: 1000, 列数: 25
2025-09-28 11:41:39,339 - INFO - 読み込み中: japanese_stocks_data_2_20250928_074819.csv
2025-09-28 11:41:39,343 - INFO -   - 行数: 1000, 列数: 25
2025-09-28 11:41:39,343 - INFO - 読み込み中: japanese_stocks_data_1_20250927_164045.csv
2025-09-28 11:41:39,348 - INFO -   - 行数: 1000, 列数: 25
2025-09-28 11:41:39,348 - INFO - CSVファイルを結合中...
2025-09-28 11:41:39,351 - INFO - 重複除去: 3795 → 3795 行 (0行を除去)
2025-09-28 11:41:39,432 - INFO - ✅ 結合完了: ./Export/20250928_combined.csv
2025-09-28 11:41:39,432 - INFO -    - 総行数: 3795
2025-09-28 11:41:39,432 - INFO -    - 総列数: 25
2025-09-28 11:41:39,432 - INFO -    - ファイルサイズ: 1.13 MB
2025-09-28 11:41:39,433 - INFO - ============================================================
2025-09-28 11:41:39,433 - INFO - ✅ CSV結合処理が正常に完了しました
2025-09-28 11:41:39,433 - INFO - ============================================================
2025-09-28 11:43:16,011 - INFO - ============================================================
2025-09-28 11:43:16,011 - INFO - 🚀 Latest CSV Combiner 実行開始
2025-09-28 11:43:16,011 - INFO - ============================================================
2025-09-28 11:43:16,011 - INFO - 発見されたCSVファイル: 4個
2025-09-28 11:43:16,011 - INFO -   1. japanese_stocks_data_4_20250928_083605.csv (更新日時: 2025-09-28 11:42:58.983178)
2025-09-28 11:43:16,011 - INFO -   2. japanese_stocks_data_3_20250928_110601.csv (更新日時: 2025-09-28 11:42:58.982178)
2025-09-28 11:43:16,011 - INFO -   3. japanese_stocks_data_2_20250928_074819.csv (更新日時: 2025-09-28 11:42:58.981178)
2025-09-28 11:43:16,012 - INFO -   4. japanese_stocks_data_1_20250927_164045.csv (更新日時: 2025-09-28 11:42:58.979178)
2025-09-28 11:43:16,012 - INFO - 📁 出力ファイル: ./Export/20250928_combined.csv
2025-09-28 11:43:16,012 - INFO - 読み込み中: japanese_stocks_data_4_20250928_083605.csv
2025-09-28 11:43:16,016 - INFO -   - 行数: 795, 列数: 25
2025-09-28 11:43:16,017 - INFO - 読み込み中: japanese_stocks_data_3_20250928_110601.csv
2025-09-28 11:43:16,021 - INFO -   - 行数: 1000, 列数: 25
2025-09-28 11:43:16,021 - INFO - 読み込み中: japanese_stocks_data_2_20250928_074819.csv
2025-09-28 11:43:16,026 - INFO -   - 行数: 1000, 列数: 25
2025-09-28 11:43:16,026 - INFO - 読み込み中: japanese_stocks_data_1_20250927_164045.csv
2025-09-28 11:43:16,031 - INFO -   - 行数: 1000, 列数: 25
2025-09-28 11:43:16,031 - INFO - CSVファイルを結合中...
2025-09-28 11:43:16,034 - INFO - 重複除去: 3795 → 3795 行 (0行を除去)
2025-09-28 11:43:16,101 - INFO - ✅ 結合完了: ./Export/20250928_combined.csv
2025-09-28 11:43:16,101 - INFO -    - 総行数: 3795
2025-09-28 11:43:16,101 - INFO -    - 総列数: 25
2025-09-28 11:43:16,101 - INFO -    - ファイルサイズ: 1.13 MB
2025-09-28 11:43:16,101 - INFO - ============================================================
2025-09-28 11:43:16,101 - INFO - ✅ CSV結合処理が正常に完了しました
2025-09-28 11:43:16,101 - INFO - ============================================================
2025-09-28 11:53:30,615 - INFO - ============================================================
2025-09-28 11:53:30,615 - INFO - 🚀 Latest CSV Combiner 実行開始
2025-09-28 11:53:30,615 - INFO - ============================================================
2025-09-28 11:53:30,616 - INFO - 発見されたCSVファイル: 4個
2025-09-28 11:53:30,616 - INFO -   1. japanese_stocks_data_4_20250928_083605.csv (更新日時: 2025-09-28 11:53:16.147716)
2025-09-28 11:53:30,616 - INFO -   2. japanese_stocks_data_3_20250928_110601.csv (更新日時: 2025-09-28 11:53:16.145716)
2025-09-28 11:53:30,616 - INFO -   3. japanese_stocks_data_2_20250928_074819.csv (更新日時: 2025-09-28 11:53:16.144716)
2025-09-28 11:53:30,616 - INFO -   4. japanese_stocks_data_1_20250927_164045.csv (更新日時: 2025-09-28 11:53:16.142716)
2025-09-28 11:53:30,616 - INFO - 📁 出力ファイル: ./Export/20250928_combined.csv
2025-09-28 11:53:30,616 - INFO - 読み込み中: japanese_stocks_data_4_20250928_083605.csv
2025-09-28 11:53:30,621 - INFO -   - 行数: 795, 列数: 25
2025-09-28 11:53:30,621 - INFO - 読み込み中: japanese_stocks_data_3_20250928_110601.csv
2025-09-28 11:53:30,627 - INFO -   - 行数: 1000, 列数: 25
2025-09-28 11:53:30,627 - INFO - 読み込み中: japanese_stocks_data_2_20250928_074819.csv
2025-09-28 11:53:30,633 - INFO -   - 行数: 1000, 列数: 25
2025-09-28 11:53:30,633 - INFO - 読み込み中: japanese_stocks_data_1_20250927_164045.csv
2025-09-28 11:53:30,638 - INFO -   - 行数: 1000, 列数: 25
2025-09-28 11:53:30,638 - INFO - CSVファイルを結合中...
2025-09-28 11:53:30,641 - INFO - 重複除去: 3795 → 3795 行 (0行を除去)
2025-09-28 11:53:30,714 - INFO - ✅ 結合完了: ./Export/20250928_combined.csv
2025-09-28 11:53:30,714 - INFO -    - 総行数: 3795
2025-09-28 11:53:30,714 - INFO -    - 総列数: 25
2025-09-28 11:53:30,714 - INFO -    - ファイルサイズ: 1.13 MB
2025-09-28 11:53:30,714 - INFO - ============================================================
2025-09-28 11:53:30,715 - INFO - ✅ CSV結合処理が正常に完了しました
2025-09-28 11:53:30,715 - INFO - ============================================================
2025-09-28 17:37:31,710 - INFO - ============================================================
2025-09-28 17:37:31,710 - INFO - 🚀 Latest CSV Combiner 実行開始
2025-09-28 17:37:31,710 - INFO - ============================================================
2025-09-28 17:37:31,711 - INFO - 発見されたCSVファイル: 5個
2025-09-28 17:37:31,711 - INFO -   1. japanese_stocks_data_4_20250928_083605.csv (更新日時: 2025-09-28 17:37:16.535658)
2025-09-28 17:37:31,711 - INFO -   2. japanese_stocks_data_3_20250928_110601.csv (更新日時: 2025-09-28 17:37:16.534657)
2025-09-28 17:37:31,711 - INFO -   3. japanese_stocks_data_2_20250928_074819.csv (更新日時: 2025-09-28 17:37:16.533658)
2025-09-28 17:37:31,711 - INFO -   4. japanese_stocks_data_1_20250928_155304.csv (更新日時: 2025-09-28 17:37:16.531658)
2025-09-28 17:37:31,711 - INFO -   5. japanese_stocks_data_1_20250927_164045.csv (更新日時: 2025-09-28 17:37:16.530658)
2025-09-28 17:37:31,711 - INFO - 📁 出力ファイル: ./Export/20250928_combined.csv
2025-09-28 17:37:31,711 - INFO - 読み込み中: japanese_stocks_data_4_20250928_083605.csv
2025-09-28 17:37:31,716 - INFO -   - 行数: 795, 列数: 25
2025-09-28 17:37:31,716 - INFO - 読み込み中: japanese_stocks_data_3_20250928_110601.csv
2025-09-28 17:37:31,722 - INFO -   - 行数: 1000, 列数: 25
2025-09-28 17:37:31,722 - INFO - 読み込み中: japanese_stocks_data_2_20250928_074819.csv
2025-09-28 17:37:31,727 - INFO -   - 行数: 1000, 列数: 25
2025-09-28 17:37:31,727 - INFO - 読み込み中: japanese_stocks_data_1_20250928_155304.csv
2025-09-28 17:37:31,731 - INFO -   - 行数: 1000, 列数: 25
2025-09-28 17:37:31,732 - INFO - 読み込み中: japanese_stocks_data_1_20250927_164045.csv
2025-09-28 17:37:31,736 - INFO -   - 行数: 1000, 列数: 25
2025-09-28 17:37:31,736 - INFO - CSVファイルを結合中...
2025-09-28 17:37:31,739 - INFO - 重複除去: 4795 → 3795 行 (1000行を除去)
2025-09-28 17:37:31,809 - INFO - ✅ 結合完了: ./Export/20250928_combined.csv
2025-09-28 17:37:31,809 - INFO -    - 総行数: 3795
2025-09-28 17:37:31,809 - INFO -    - 総列数: 25
2025-09-28 17:37:31,809 - INFO -    - ファイルサイズ: 1.13 MB
2025-09-28 17:37:31,809 - INFO - ============================================================
2025-09-28 17:37:31,809 - INFO - ✅ CSV結合処理が正常に完了しました
2025-09-28 17:37:31,809 - INFO - ============================================================
2025-09-28 17:38:43,081 - INFO - ============================================================
2025-09-28 17:38:43,081 - INFO - 🚀 Latest CSV Combiner 実行開始
2025-09-28 17:38:43,081 - INFO - ============================================================
2025-09-28 17:38:43,082 - INFO - 発見されたCSVファイル: 5個
2025-09-28 17:38:43,082 - INFO -   1. japanese_stocks_data_4_20250928_083605.csv (更新日時: 2025-09-28 17:38:28.429341)
2025-09-28 17:38:43,082 - INFO -   2. japanese_stocks_data_3_20250928_110601.csv (更新日時: 2025-09-28 17:38:28.428341)
2025-09-28 17:38:43,082 - INFO -   3. japanese_stocks_data_2_20250928_074819.csv (更新日時: 2025-09-28 17:38:28.427341)
2025-09-28 17:38:43,082 - INFO -   4. japanese_stocks_data_1_20250928_155304.csv (更新日時: 2025-09-28 17:38:28.425341)
2025-09-28 17:38:43,082 - INFO -   5. japanese_stocks_data_1_20250927_164045.csv (更新日時: 2025-09-28 17:38:28.424341)
2025-09-28 17:38:43,082 - INFO - 📁 出力ファイル: ./Export/20250928_combined.csv
2025-09-28 17:38:43,082 - INFO - 読み込み中: japanese_stocks_data_4_20250928_083605.csv
2025-09-28 17:38:43,087 - INFO -   - 行数: 795, 列数: 25
2025-09-28 17:38:43,087 - INFO - 読み込み中: japanese_stocks_data_3_20250928_110601.csv
2025-09-28 17:38:43,092 - INFO -   - 行数: 1000, 列数: 25
2025-09-28 17:38:43,092 - INFO - 読み込み中: japanese_stocks_data_2_20250928_074819.csv
2025-09-28 17:38:43,097 - INFO -   - 行数: 1000, 列数: 25
2025-09-28 17:38:43,097 - INFO - 読み込み中: japanese_stocks_data_1_20250928_155304.csv
2025-09-28 17:38:43,101 - INFO -   - 行数: 1000, 列数: 25
2025-09-28 17:38:43,102 - INFO - 読み込み中: japanese_stocks_data_1_20250927_164045.csv
2025-09-28 17:38:43,106 - INFO -   - 行数: 1000, 列数: 25
2025-09-28 17:38:43,106 - INFO - CSVファイルを結合中...
2025-09-28 17:38:43,109 - INFO - 重複除去: 4795 → 3795 行 (1000行を除去)
2025-09-28 17:38:43,176 - INFO - ✅ 結合完了: ./Export/20250928_combined.csv
2025-09-28 17:38:43,176 - INFO -    - 総行数: 3795
2025-09-28 17:38:43,177 - INFO -    - 総列数: 25
2025-09-28 17:38:43,177 - INFO -    - ファイルサイズ: 1.13 MB
2025-09-28 17:38:43,177 - INFO - ============================================================
2025-09-28 17:38:43,177 - INFO - ✅ CSV結合処理が正常に完了しました
2025-09-28 17:38:43,177 - INFO - ============================================================
2025-09-28 17:41:01,522 - INFO - ============================================================
2025-09-28 17:41:01,523 - INFO - 🚀 Latest CSV Combiner 実行開始
2025-09-28 17:41:01,523 - INFO - ============================================================
2025-09-28 17:41:01,523 - INFO - 発見されたCSVファイル: 5個
2025-09-28 17:41:01,523 - INFO -   1. japanese_stocks_data_4_20250928_083605.csv (更新日時: 2025-09-28 17:40:46.548154)
2025-09-28 17:41:01,523 - INFO -   2. japanese_stocks_data_3_20250928_110601.csv (更新日時: 2025-09-28 17:40:46.547154)
2025-09-28 17:41:01,523 - INFO -   3. japanese_stocks_data_2_20250928_074819.csv (更新日時: 2025-09-28 17:40:46.545154)
2025-09-28 17:41:01,523 - INFO -   4. japanese_stocks_data_1_20250928_155304.csv (更新日時: 2025-09-28 17:40:46.544154)
2025-09-28 17:41:01,523 - INFO -   5. japanese_stocks_data_1_20250927_164045.csv (更新日時: 2025-09-28 17:40:46.543154)
2025-09-28 17:41:01,523 - INFO - 📁 出力ファイル: ./Export/20250928_combined.csv
2025-09-28 17:41:01,523 - INFO - 読み込み中: japanese_stocks_data_4_20250928_083605.csv
2025-09-28 17:41:01,528 - INFO -   - 行数: 795, 列数: 25
2025-09-28 17:41:01,528 - INFO - 読み込み中: japanese_stocks_data_3_20250928_110601.csv
2025-09-28 17:41:01,533 - INFO -   - 行数: 1000, 列数: 25
2025-09-28 17:41:01,533 - INFO - 読み込み中: japanese_stocks_data_2_20250928_074819.csv
2025-09-28 17:41:01,538 - INFO -   - 行数: 1000, 列数: 25
2025-09-28 17:41:01,538 - INFO - 読み込み中: japanese_stocks_data_1_20250928_155304.csv
2025-09-28 17:41:01,542 - INFO -   - 行数: 1000, 列数: 25
2025-09-28 17:41:01,542 - INFO - 読み込み中: japanese_stocks_data_1_20250927_164045.csv
2025-09-28 17:41:01,547 - INFO -   - 行数: 1000, 列数: 25
2025-09-28 17:41:01,547 - INFO - CSVファイルを結合中...
2025-09-28 17:41:01,550 - INFO - 重複除去: 4795 → 3795 行 (1000行を除去)
2025-09-28 17:41:01,619 - INFO - ✅ 結合完了: ./Export/20250928_combined.csv
2025-09-28 17:41:01,619 - INFO -    - 総行数: 3795
2025-09-28 17:41:01,619 - INFO -    - 総列数: 25
2025-09-28 17:41:01,619 - INFO -    - ファイルサイズ: 1.13 MB
2025-09-28 17:41:01,619 - INFO - ============================================================
2025-09-28 17:41:01,619 - INFO - ✅ CSV結合処理が正常に完了しました
2025-09-28 17:41:01,619 - INFO - ============================================================
2025-09-28 18:48:28,496 - INFO - ============================================================
2025-09-28 18:48:28,496 - INFO - 🚀 Latest CSV Combiner 実行開始
2025-09-28 18:48:28,497 - INFO - ============================================================
2025-09-28 18:48:28,497 - INFO - 発見されたCSVファイル: 5個
2025-09-28 18:48:28,497 - INFO -   1. japanese_stocks_data_4_20250928_083605.csv (更新日時: 2025-09-28 18:48:15.080801)
2025-09-28 18:48:28,497 - INFO -   2. japanese_stocks_data_3_20250928_110601.csv (更新日時: 2025-09-28 18:48:15.079801)
2025-09-28 18:48:28,497 - INFO -   3. japanese_stocks_data_2_20250928_074819.csv (更新日時: 2025-09-28 18:48:15.077801)
2025-09-28 18:48:28,497 - INFO -   4. japanese_stocks_data_1_20250928_155304.csv (更新日時: 2025-09-28 18:48:15.076801)
2025-09-28 18:48:28,497 - INFO -   5. japanese_stocks_data_1_20250927_164045.csv (更新日時: 2025-09-28 18:48:15.074801)
2025-09-28 18:48:28,497 - INFO - 📁 出力ファイル: ./Export/20250928_combined.csv
2025-09-28 18:48:28,497 - INFO - 読み込み中: japanese_stocks_data_4_20250928_083605.csv
2025-09-28 18:48:28,502 - INFO -   - 行数: 795, 列数: 25
2025-09-28 18:48:28,502 - INFO - 読み込み中: japanese_stocks_data_3_20250928_110601.csv
2025-09-28 18:48:28,507 - INFO -   - 行数: 1000, 列数: 25
2025-09-28 18:48:28,507 - INFO - 読み込み中: japanese_stocks_data_2_20250928_074819.csv
2025-09-28 18:48:28,512 - INFO -   - 行数: 1000, 列数: 25
2025-09-28 18:48:28,512 - INFO - 読み込み中: japanese_stocks_data_1_20250928_155304.csv
2025-09-28 18:48:28,517 - INFO -   - 行数: 1000, 列数: 25
2025-09-28 18:48:28,517 - INFO - 読み込み中: japanese_stocks_data_1_20250927_164045.csv
2025-09-28 18:48:28,521 - INFO -   - 行数: 1000, 列数: 25
2025-09-28 18:48:28,522 - INFO - CSVファイルを結合中...
2025-09-28 18:48:28,524 - INFO - 重複除去: 4795 → 3795 行 (1000行を除去)
2025-09-28 18:48:28,591 - INFO - ✅ 結合完了: ./Export/20250928_combined.csv
2025-09-28 18:48:28,591 - INFO -    - 総行数: 3795
2025-09-28 18:48:28,591 - INFO -    - 総列数: 25
2025-09-28 18:48:28,591 - INFO -    - ファイルサイズ: 1.13 MB
2025-09-28 18:48:28,591 - INFO - ============================================================
2025-09-28 18:48:28,592 - INFO - ✅ CSV結合処理が正常に完了しました
2025-09-28 18:48:28,592 - INFO - ============================================================
2025-09-28 18:52:49,706 - INFO - ============================================================
2025-09-28 18:52:49,706 - INFO - 🚀 Latest CSV Combiner 実行開始
2025-09-28 18:52:49,706 - INFO - ============================================================
2025-09-28 18:52:49,706 - INFO - 発見されたCSVファイル: 5個
2025-09-28 18:52:49,707 - INFO -   1. japanese_stocks_data_4_20250928_083605.csv (更新日時: 2025-09-28 18:52:35.248451)
2025-09-28 18:52:49,707 - INFO -   2. japanese_stocks_data_3_20250928_110601.csv (更新日時: 2025-09-28 18:52:35.247451)
2025-09-28 18:52:49,707 - INFO -   3. japanese_stocks_data_2_20250928_074819.csv (更新日時: 2025-09-28 18:52:35.245451)
2025-09-28 18:52:49,707 - INFO -   4. japanese_stocks_data_1_20250928_155304.csv (更新日時: 2025-09-28 18:52:35.244451)
2025-09-28 18:52:49,707 - INFO -   5. japanese_stocks_data_1_20250927_164045.csv (更新日時: 2025-09-28 18:52:35.242451)
2025-09-28 18:52:49,707 - INFO - 📁 出力ファイル: ./Export/20250928_combined.csv
2025-09-28 18:52:49,707 - INFO - 読み込み中: japanese_stocks_data_4_20250928_083605.csv
2025-09-28 18:52:49,712 - INFO -   - 行数: 795, 列数: 25
2025-09-28 18:52:49,712 - INFO - 読み込み中: japanese_stocks_data_3_20250928_110601.csv
2025-09-28 18:52:49,717 - INFO -   - 行数: 1000, 列数: 25
2025-09-28 18:52:49,717 - INFO - 読み込み中: japanese_stocks_data_2_20250928_074819.csv
2025-09-28 18:52:49,722 - INFO -   - 行数: 1000, 列数: 25
2025-09-28 18:52:49,722 - INFO - 読み込み中: japanese_stocks_data_1_20250928_155304.csv
2025-09-28 18:52:49,727 - INFO -   - 行数: 1000, 列数: 25
2025-09-28 18:52:49,727 - INFO - 読み込み中: japanese_stocks_data_1_20250927_164045.csv
2025-09-28 18:52:49,731 - INFO -   - 行数: 1000, 列数: 25
2025-09-28 18:52:49,731 - INFO - CSVファイルを結合中...
2025-09-28 18:52:49,734 - INFO - 重複除去: 4795 → 3795 行 (1000行を除去)
2025-09-28 18:52:49,803 - INFO - ✅ 結合完了: ./Export/20250928_combined.csv
2025-09-28 18:52:49,804 - INFO -    - 総行数: 3795
2025-09-28 18:52:49,804 - INFO -    - 総列数: 25
2025-09-28 18:52:49,804 - INFO -    - ファイルサイズ: 1.13 MB
2025-09-28 18:52:49,804 - INFO - ============================================================
2025-09-28 18:52:49,804 - INFO - ✅ CSV結合処理が正常に完了しました
2025-09-28 18:52:49,804 - INFO - ============================================================
2025-09-28 18:53:32,989 - INFO - ============================================================
2025-09-28 18:53:32,989 - INFO - 🚀 Latest CSV Combiner 実行開始
2025-09-28 18:53:32,990 - INFO - ============================================================
2025-09-28 18:53:32,990 - INFO - 発見されたCSVファイル: 5個
2025-09-28 18:53:32,990 - INFO -   1. japanese_stocks_data_4_20250928_083605.csv (更新日時: 2025-09-28 18:53:21.750253)
2025-09-28 18:53:32,990 - INFO -   2. japanese_stocks_data_3_20250928_110601.csv (更新日時: 2025-09-28 18:53:21.749254)
2025-09-28 18:53:32,990 - INFO -   3. japanese_stocks_data_2_20250928_074819.csv (更新日時: 2025-09-28 18:53:21.748253)
2025-09-28 18:53:32,990 - INFO -   4. japanese_stocks_data_1_20250928_155304.csv (更新日時: 2025-09-28 18:53:21.746253)
2025-09-28 18:53:32,990 - INFO -   5. japanese_stocks_data_1_20250927_164045.csv (更新日時: 2025-09-28 18:53:21.745253)
2025-09-28 18:53:32,990 - INFO - 📁 出力ファイル: ./Export/20250928_combined.csv
2025-09-28 18:53:32,990 - INFO - 読み込み中: japanese_stocks_data_4_20250928_083605.csv
2025-09-28 18:53:32,995 - INFO -   - 行数: 795, 列数: 25
2025-09-28 18:53:32,995 - INFO - 読み込み中: japanese_stocks_data_3_20250928_110601.csv
2025-09-28 18:53:33,000 - INFO -   - 行数: 1000, 列数: 25
2025-09-28 18:53:33,000 - INFO - 読み込み中: japanese_stocks_data_2_20250928_074819.csv
2025-09-28 18:53:33,005 - INFO -   - 行数: 1000, 列数: 25
2025-09-28 18:53:33,005 - INFO - 読み込み中: japanese_stocks_data_1_20250928_155304.csv
2025-09-28 18:53:33,009 - INFO -   - 行数: 1000, 列数: 25
2025-09-28 18:53:33,009 - INFO - 読み込み中: japanese_stocks_data_1_20250927_164045.csv
2025-09-28 18:53:33,014 - INFO -   - 行数: 1000, 列数: 25
2025-09-28 18:53:33,014 - INFO - CSVファイルを結合中...
2025-09-28 18:53:33,017 - INFO - 重複除去: 4795 → 3795 行 (1000行を除去)
2025-09-28 18:53:33,085 - INFO - ✅ 結合完了: ./Export/20250928_combined.csv
2025-09-28 18:53:33,085 - INFO -    - 総行数: 3795
2025-09-28 18:53:33,085 - INFO -    - 総列数: 25
2025-09-28 18:53:33,085 - INFO -    - ファイルサイズ: 1.13 MB
2025-09-28 18:53:33,085 - INFO - ============================================================
2025-09-28 18:53:33,085 - INFO - ✅ CSV結合処理が正常に完了しました
2025-09-28 18:53:33,085 - INFO - ============================================================
2025-09-28 19:10:30,974 - INFO - ============================================================
2025-09-28 19:10:30,974 - INFO - 🚀 Latest CSV Combiner 実行開始
2025-09-28 19:10:30,974 - INFO - ============================================================
2025-09-28 19:10:30,974 - INFO - 発見されたCSVファイル: 5個
2025-09-28 19:10:30,974 - INFO -   1. japanese_stocks_data_4_20250928_083605.csv (更新日時: 2025-09-28 19:10:20.859470)
2025-09-28 19:10:30,974 - INFO -   2. japanese_stocks_data_3_20250928_110601.csv (更新日時: 2025-09-28 19:10:20.858470)
2025-09-28 19:10:30,974 - INFO -   3. japanese_stocks_data_2_20250928_074819.csv (更新日時: 2025-09-28 19:10:20.856470)
2025-09-28 19:10:30,974 - INFO -   4. japanese_stocks_data_1_20250928_155304.csv (更新日時: 2025-09-28 19:10:20.855470)
2025-09-28 19:10:30,974 - INFO -   5. japanese_stocks_data_1_20250927_164045.csv (更新日時: 2025-09-28 19:10:20.853470)
2025-09-28 19:10:30,975 - INFO - 📁 出力ファイル: ./Export/20250928_combined.csv
2025-09-28 19:10:30,975 - INFO - 読み込み中: japanese_stocks_data_4_20250928_083605.csv
2025-09-28 19:10:30,980 - INFO -   - 行数: 795, 列数: 25
2025-09-28 19:10:30,980 - INFO - 読み込み中: japanese_stocks_data_3_20250928_110601.csv
2025-09-28 19:10:30,985 - INFO -   - 行数: 1000, 列数: 25
2025-09-28 19:10:30,985 - INFO - 読み込み中: japanese_stocks_data_2_20250928_074819.csv
2025-09-28 19:10:30,989 - INFO -   - 行数: 1000, 列数: 25
2025-09-28 19:10:30,989 - INFO - 読み込み中: japanese_stocks_data_1_20250928_155304.csv
2025-09-28 19:10:30,994 - INFO -   - 行数: 1000, 列数: 25
2025-09-28 19:10:30,994 - INFO - 読み込み中: japanese_stocks_data_1_20250927_164045.csv
2025-09-28 19:10:30,999 - INFO -   - 行数: 1000, 列数: 25
2025-09-28 19:10:30,999 - INFO - CSVファイルを結合中...
2025-09-28 19:10:31,001 - INFO - 重複除去: 4795 → 3795 行 (1000行を除去)
2025-09-28 19:10:31,071 - INFO - ✅ 結合完了: ./Export/20250928_combined.csv
2025-09-28 19:10:31,071 - INFO -    - 総行数: 3795
2025-09-28 19:10:31,071 - INFO -    - 総列数: 25
2025-09-28 19:10:31,071 - INFO -    - ファイルサイズ: 1.13 MB
2025-09-28 19:10:31,071 - INFO - ============================================================
2025-09-28 19:10:31,071 - INFO - ✅ CSV結合処理が正常に完了しました
2025-09-28 19:10:31,071 - INFO - ============================================================
2025-09-28 19:21:11,390 - INFO - ============================================================
2025-09-28 19:21:11,390 - INFO - 🚀 Latest CSV Combiner 実行開始
2025-09-28 19:21:11,390 - INFO - ============================================================
2025-09-28 19:21:11,391 - INFO - 発見されたCSVファイル: 5個
2025-09-28 19:21:11,391 - INFO -   1. japanese_stocks_data_4_20250928_083605.csv (更新日時: 2025-09-28 19:20:56.918335)
2025-09-28 19:21:11,391 - INFO -   2. japanese_stocks_data_3_20250928_110601.csv (更新日時: 2025-09-28 19:20:56.917335)
2025-09-28 19:21:11,391 - INFO -   3. japanese_stocks_data_2_20250928_074819.csv (更新日時: 2025-09-28 19:20:56.915335)
2025-09-28 19:21:11,391 - INFO -   4. japanese_stocks_data_1_20250928_155304.csv (更新日時: 2025-09-28 19:20:56.914335)
2025-09-28 19:21:11,391 - INFO -   5. japanese_stocks_data_1_20250927_164045.csv (更新日時: 2025-09-28 19:20:56.913335)
2025-09-28 19:21:11,391 - INFO - 📁 出力ファイル: ./Export/20250928_combined.csv
2025-09-28 19:21:11,391 - INFO - 読み込み中: japanese_stocks_data_4_20250928_083605.csv
2025-09-28 19:21:11,396 - INFO -   - 行数: 795, 列数: 25
2025-09-28 19:21:11,396 - INFO - 読み込み中: japanese_stocks_data_3_20250928_110601.csv
2025-09-28 19:21:11,401 - INFO -   - 行数: 1000, 列数: 25
2025-09-28 19:21:11,401 - INFO - 読み込み中: japanese_stocks_data_2_20250928_074819.csv
2025-09-28 19:21:11,406 - INFO -   - 行数: 1000, 列数: 25
2025-09-28 19:21:11,406 - INFO - 読み込み中: japanese_stocks_data_1_20250928_155304.csv
2025-09-28 19:21:11,411 - INFO -   - 行数: 1000, 列数: 25
2025-09-28 19:21:11,411 - INFO - 読み込み中: japanese_stocks_data_1_20250927_164045.csv
2025-09-28 19:21:11,415 - INFO -   - 行数: 1000, 列数: 25
2025-09-28 19:21:11,415 - INFO - CSVファイルを結合中...
2025-09-28 19:21:11,418 - INFO - 重複除去: 4795 → 3795 行 (1000行を除去)
2025-09-28 19:21:11,487 - INFO - ✅ 結合完了: ./Export/20250928_combined.csv
2025-09-28 19:21:11,487 - INFO -    - 総行数: 3795
2025-09-28 19:21:11,487 - INFO -    - 総列数: 25
2025-09-28 19:21:11,487 - INFO -    - ファイルサイズ: 1.13 MB
2025-09-28 19:21:11,487 - INFO - ============================================================
2025-09-28 19:21:11,487 - INFO - ✅ CSV結合処理が正常に完了しました
2025-09-28 19:21:11,487 - INFO - ============================================================
2025-09-29 15:50:08,427 - INFO - ============================================================
2025-09-29 15:50:08,427 - INFO - 🚀 Latest CSV Combiner 実行開始
2025-09-29 15:50:08,427 - INFO - ============================================================
2025-09-29 15:50:08,427 - INFO - 発見されたCSVファイル: 9個
2025-09-29 15:50:08,428 - INFO -   1. japanese_stocks_data_4_20250929_125755.csv (更新日時: 2025-09-29 15:49:56.971976)
2025-09-29 15:50:08,428 - INFO -   2. japanese_stocks_data_4_20250928_083605.csv (更新日時: 2025-09-29 15:49:56.970976)
2025-09-29 15:50:08,428 - INFO -   3. japanese_stocks_data_3_20250929_121519.csv (更新日時: 2025-09-29 15:49:56.970976)
2025-09-29 15:50:08,428 - INFO -   4. japanese_stocks_data_3_20250928_110601.csv (更新日時: 2025-09-29 15:49:56.969976)
2025-09-29 15:50:08,428 - INFO -   5. japanese_stocks_data_2_20250929_112152.csv (更新日時: 2025-09-29 15:49:56.964976)
2025-09-29 15:50:08,428 - INFO -   6. japanese_stocks_data_2_20250928_074819.csv (更新日時: 2025-09-29 15:49:56.962976)
2025-09-29 15:50:08,428 - INFO -   7. japanese_stocks_data_1_20250929_103010.csv (更新日時: 2025-09-29 15:49:56.961976)
2025-09-29 15:50:08,428 - INFO -   8. japanese_stocks_data_1_20250928_155304.csv (更新日時: 2025-09-29 15:49:56.961976)
2025-09-29 15:50:08,428 - INFO -   9. japanese_stocks_data_1_20250927_164045.csv (更新日時: 2025-09-29 15:49:56.960976)
2025-09-29 15:50:08,428 - INFO - 📁 出力ファイル: ./Export/20250929_combined.csv
2025-09-29 15:50:08,428 - INFO - 読み込み中: japanese_stocks_data_4_20250929_125755.csv
2025-09-29 15:50:08,433 - INFO -   - 行数: 795, 列数: 25
2025-09-29 15:50:08,433 - INFO - 読み込み中: japanese_stocks_data_4_20250928_083605.csv
2025-09-29 15:50:08,438 - INFO -   - 行数: 795, 列数: 25
2025-09-29 15:50:08,438 - INFO - 読み込み中: japanese_stocks_data_3_20250929_121519.csv
2025-09-29 15:50:08,442 - INFO -   - 行数: 1000, 列数: 25
2025-09-29 15:50:08,443 - INFO - 読み込み中: japanese_stocks_data_3_20250928_110601.csv
2025-09-29 15:50:08,447 - INFO -   - 行数: 1000, 列数: 25
2025-09-29 15:50:08,447 - INFO - 読み込み中: japanese_stocks_data_2_20250929_112152.csv
2025-09-29 15:50:08,452 - INFO -   - 行数: 1000, 列数: 25
2025-09-29 15:50:08,452 - INFO - 読み込み中: japanese_stocks_data_2_20250928_074819.csv
2025-09-29 15:50:08,457 - INFO -   - 行数: 1000, 列数: 25
2025-09-29 15:50:08,457 - INFO - 読み込み中: japanese_stocks_data_1_20250929_103010.csv
2025-09-29 15:50:08,462 - INFO -   - 行数: 1000, 列数: 25
2025-09-29 15:50:08,462 - INFO - 読み込み中: japanese_stocks_data_1_20250928_155304.csv
2025-09-29 15:50:08,467 - INFO -   - 行数: 1000, 列数: 25
2025-09-29 15:50:08,467 - INFO - 読み込み中: japanese_stocks_data_1_20250927_164045.csv
2025-09-29 15:50:08,471 - INFO -   - 行数: 1000, 列数: 25
2025-09-29 15:50:08,471 - INFO - CSVファイルを結合中...
2025-09-29 15:50:08,475 - INFO - 重複除去: 8590 → 3795 行 (4795行を除去)
2025-09-29 15:50:08,551 - INFO - ✅ 結合完了: ./Export/20250929_combined.csv
2025-09-29 15:50:08,551 - INFO -    - 総行数: 3795
2025-09-29 15:50:08,551 - INFO -    - 総列数: 25
2025-09-29 15:50:08,551 - INFO -    - ファイルサイズ: 1.13 MB
2025-09-29 15:50:08,552 - INFO - ============================================================
2025-09-29 15:50:08,552 - INFO - ✅ CSV結合処理が正常に完了しました
2025-09-29 15:50:08,552 - INFO - ============================================================
2025-10-08 17:44:32,866 - INFO - ============================================================
2025-10-08 17:44:32,866 - INFO - 🚀 Latest CSV Combiner 実行開始
2025-10-08 17:44:32,867 - INFO - ============================================================
2025-10-08 17:44:32,867 - INFO - 対象日付: 20251008
2025-10-08 17:44:32,867 - INFO - ✅ 20251008 のCSVファイル: 1個
2025-10-08 17:44:32,868 - INFO -   1. japanese_stocks_data_sample_20251008_174432.csv (更新日時: 2025-10-08 17:44:32.435060)
2025-10-08 17:44:32,868 - INFO - 📁 出力ファイル: ./Export/20251008_combined.csv
2025-10-08 17:44:32,868 - INFO - 読み込み中: japanese_stocks_data_sample_20251008_174432.csv
2025-10-08 17:44:32,871 - INFO -   - 行数: 3, 列数: 24
2025-10-08 17:44:32,871 - INFO - CSVファイルを結合中...
2025-10-08 17:44:32,872 - INFO - 重複除去: 3 → 3 行 (0行を除去)
2025-10-08 17:44:32,873 - INFO - ✅ 結合完了: ./Export/20251008_combined.csv
2025-10-08 17:44:32,874 - INFO -    - 総行数: 3
2025-10-08 17:44:32,874 - INFO -    - 総列数: 24
2025-10-08 17:44:32,874 - INFO -    - ファイルサイズ: 0.00 MB
2025-10-08 17:44:32,874 - INFO - ============================================================
2025-10-08 17:44:32,874 - INFO - ✅ CSV結合処理が正常に完了しました
2025-10-08 17:44:32,874 - INFO - ============================================================
